2026-09-29 04:16:04 EURUSD fetch failed: Remote end closed connection without response
2026-09-29 04:32:14 USDCHF fetch failed: Remote end closed connection without response
2026-09-29 04:35:34 GBPUSD fetch failed: Remote end closed connection without response
2026-09-29 04:40:36 XAUUSD fetch failed: Remote end closed connection without response
2026-09-29 04:40:36 XAGUSD fetch failed: Remote end closed connection without response
2026-09-29 04:40:36 USDCAD fetch failed: Remote end closed connection without response
2026-09-29 04:40:36 NZDUSD fetch failed: Remote end closed connection without response
2026-09-29 04:42:55 EURUSD fetch failed: Remote end closed connection without response
2026-09-29 04:45:46 NZDUSD fetch failed: Remote end closed connection without response
2026-09-29 04:49:47 USDCAD fetch failed: Remote end closed connection without response
2026-09-29 05:24:52 NZDUSD fetch failed: Remote end closed connection without response
2026-09-29 05:26:16 USDJPY fetch failed: Remote end closed connection without response
2026-09-29 05:27:38 GBPUSD fetch failed: Remote end closed connection without response
2026-09-29 05:53:38 EURUSD fetch failed: Remote end closed connection without response
2026-09-29 06:22:31 USDCHF fetch failed: Remote end closed connection without response
2026-09-29 06:27:09 USDJPY fetch failed: Remote end closed connection without response
2026-09-29 06:55:34 USDCHF fetch failed: Remote end closed connection without response
2026-09-29 06:58:27 GBPUSD fetch failed: Remote end closed connection without response
2026-09-29 07:04:31 XAUUSD fetch failed: Remote end closed connection without response
2026-09-29 07:37:25 AUDUSD fetch failed: Remote end closed connection without response
2026-09-29 08:05:35 XAUUSD fetch failed: Remote end closed connection without response
2026-09-29 08:28:48 USDJPY fetch failed: Remote end closed connection without response
2026-09-29 09:02:57 GBPUSD fetch failed: Remote end closed connection without response
2026-09-29 09:18:23 XAUUSD fetch failed: <urlopen error Remote end closed connection without response>
2026-09-29 09:18:23 XAGUSD fetch failed: <urlopen error Remote end closed connection without response>
2026-09-29 09:18:23 EURUSD fetch failed: <urlopen error Remote end closed connection without response>
2026-09-29 09:18:23 GBPUSD fetch failed: <urlopen error Remote end closed connection without response>
2026-09-29 09:18:23 USDJPY fetch failed: <urlopen error Remote end closed connection without response>
2026-09-29 09:18:23 USDCHF fetch failed: <urlopen error Remote end closed connection without response>
2026-09-29 09:18:23 AUDUSD fetch failed: <urlopen error Remote end closed connection without response>
2026-09-29 09:18:23 USDCAD fetch failed: <urlopen error Remote end closed connection without response>
2026-09-29 09:18:23 NZDUSD fetch failed: <urlopen error Remote end closed connection without response>
2026-09-29 10:04:56 GBPUSD fetch failed: Remote end closed connection without response
2026-09-29 10:21:38 EURUSD fetch failed: Remote end closed connection without response
2026-09-29 11:18:31 XAUUSD fetch failed: <urlopen error Remote end closed connection without response>
2026-09-29 11:18:31 XAGUSD fetch failed: <urlopen error Remote end closed connection without response>
2026-09-29 11:18:31 EURUSD fetch failed: <urlopen error Remote end closed connection without response>
2026-09-29 11:18:31 GBPUSD fetch failed: <urlopen error [Errno 104] Connection reset by peer>
2026-09-29 11:18:31 USDJPY fetch failed: <urlopen error [Errno 111] Connection refused>
2026-09-29 11:18:31 USDCHF fetch failed: <urlopen error [Errno 111] Connection refused>
2026-09-29 11:18:31 AUDUSD fetch failed: <urlopen error [Errno 111] Connection refused>
2026-09-29 11:18:31 USDCAD fetch failed: <urlopen error [Errno 111] Connection refused>
2026-09-29 11:18:31 NZDUSD fetch failed: <urlopen error [Errno 111] Connection refused>
2026-09-29 11:27:36 NZDUSD fetch failed: Remote end closed connection without response
2026-09-29 12:03:22 EURUSD fetch failed: Remote end closed connection without response
2026-09-29 12:15:07 USDCAD fetch failed: Remote end closed connection without response
2026-09-29 12:20:20 XAGUSD fetch failed: Remote end closed connection without response
2026-09-29 12:43:49 EURUSD fetch failed: Remote end closed connection without response
2026-09-29 12:55:20 USDJPY fetch failed: Remote end closed connection without response
2026-09-29 13:17:22 EURUSD fetch failed: Remote end closed connection without response
2026-09-29 13:18:49 XAUUSD fetch failed: <urlopen error [Errno 111] Connection refused>
2026-09-29 13:18:49 XAGUSD fetch failed: <urlopen error [Errno 111] Connection refused>
2026-09-29 13:18:49 EURUSD fetch failed: <urlopen error [Errno 111] Connection refused>
2026-09-29 13:18:49 GBPUSD fetch failed: <urlopen error [Errno 111] Connection refused>
2026-09-29 13:18:49 USDJPY fetch failed: <urlopen error [Errno 111] Connection refused>
2026-09-29 13:18:49 USDCHF fetch failed: <urlopen error [Errno 111] Connection refused>
2026-09-29 13:18:49 AUDUSD fetch failed: <urlopen error [Errno 111] Connection refused>
2026-09-29 13:18:49 USDCAD fetch failed: <urlopen error [Errno 111] Connection refused>
2026-09-29 13:18:49 NZDUSD fetch failed: <urlopen error [Errno 111] Connection refused>
2026-09-29 13:20:44 EURUSD fetch failed: Remote end closed connection without response
2026-09-29 13:37:12 GBPUSD fetch failed: Remote end closed connection without response
2026-09-29 15:11:31 GBPUSD fetch failed: Remote end closed connection without response
2026-09-29 15:46:26 USDJPY fetch failed: The read operation timed out
2026-09-29 15:50:46 USDCHF fetch failed: <urlopen error timed out>
2026-09-29 15:53:44 XAUUSD fetch failed: <urlopen error timed out>
2026-09-29 15:53:44 XAGUSD fetch failed: <urlopen error timed out>
2026-09-29 15:53:44 EURUSD fetch failed: <urlopen error timed out>
2026-09-29 15:53:44 GBPUSD fetch failed: <urlopen error timed out>
2026-09-29 15:53:44 USDJPY fetch failed: <urlopen error timed out>
2026-09-29 15:53:44 USDCHF fetch failed: <urlopen error timed out>
2026-09-29 15:53:44 AUDUSD fetch failed: <urlopen error timed out>
2026-09-29 15:53:44 USDCAD fetch failed: <urlopen error timed out>
2026-09-29 15:53:44 NZDUSD fetch failed: <urlopen error timed out>
2026-09-29 15:54:11 XAUUSD fetch failed: <urlopen error timed out>
2026-09-29 15:54:11 XAGUSD fetch failed: <urlopen error timed out>
2026-09-29 15:54:11 EURUSD fetch failed: <urlopen error timed out>
2026-09-29 15:54:12 GBPUSD fetch failed: <urlopen error timed out>
2026-09-29 15:54:12 USDJPY fetch failed: <urlopen error timed out>
2026-09-29 15:54:12 USDCHF fetch failed: <urlopen error timed out>
2026-09-29 15:54:12 AUDUSD fetch failed: <urlopen error timed out>
2026-09-29 15:54:12 USDCAD fetch failed: <urlopen error timed out>
2026-09-29 15:54:12 NZDUSD fetch failed: <urlopen error timed out>
2026-09-29 15:54:39 XAUUSD fetch failed: <urlopen error timed out>
2026-09-29 15:54:39 XAGUSD fetch failed: <urlopen error timed out>
2026-09-29 15:54:39 EURUSD fetch failed: <urlopen error timed out>
2026-09-29 15:54:39 GBPUSD fetch failed: <urlopen error timed out>
2026-09-29 15:54:39 USDJPY fetch failed: <urlopen error timed out>
2026-09-29 15:54:39 USDCHF fetch failed: <urlopen error timed out>
2026-09-29 15:54:39 AUDUSD fetch failed: <urlopen error timed out>
2026-09-29 15:54:39 USDCAD fetch failed: <urlopen error timed out>
2026-09-29 15:54:39 NZDUSD fetch failed: <urlopen error timed out>
2026-09-29 15:55:09 NZDUSD fetch failed: <urlopen error timed out>
2026-09-29 16:08:02 XAUUSD fetch failed: <urlopen error [Errno 111] Connection refused>
2026-09-29 16:08:02 XAGUSD fetch failed: <urlopen error [Errno 111] Connection refused>
2026-09-29 16:08:02 EURUSD fetch failed: <urlopen error [Errno 111] Connection refused>
2026-09-29 16:08:02 GBPUSD fetch failed: <urlopen error [Errno 111] Connection refused>
2026-09-29 16:08:02 USDJPY fetch failed: <urlopen error [Errno 111] Connection refused>
2026-09-29 16:08:02 USDCHF fetch failed: <urlopen error [Errno 111] Connection refused>
2026-09-29 16:08:02 AUDUSD fetch failed: <urlopen error [Errno 111] Connection refused>
2026-09-29 16:08:02 USDCAD fetch failed: <urlopen error [Errno 111] Connection refused>
2026-09-29 16:08:02 NZDUSD fetch failed: <urlopen error [Errno 111] Connection refused>
2026-09-29 16:20:53 EURUSD fetch failed: Remote end closed connection without response
2026-09-29 16:24:38 XAUUSD fetch failed: <urlopen error timed out>
2026-09-29 16:24:38 XAGUSD fetch failed: <urlopen error timed out>
2026-09-29 16:24:38 EURUSD fetch failed: <urlopen error timed out>
2026-09-29 16:24:38 GBPUSD fetch failed: <urlopen error timed out>
2026-09-29 16:24:38 USDJPY fetch failed: <urlopen error timed out>
2026-09-29 16:24:38 USDCHF fetch failed: <urlopen error timed out>
2026-09-29 16:24:38 AUDUSD fetch failed: <urlopen error timed out>
2026-09-29 16:24:38 USDCAD fetch failed: <urlopen error timed out>
2026-09-29 16:24:38 NZDUSD fetch failed: <urlopen error timed out>
2026-09-29 16:25:05 XAUUSD fetch failed: <urlopen error timed out>
2026-09-29 16:25:05 XAGUSD fetch failed: <urlopen error timed out>
2026-09-29 16:25:05 EURUSD fetch failed: <urlopen error timed out>
2026-09-29 16:25:05 GBPUSD fetch failed: <urlopen error timed out>
2026-09-29 16:25:05 USDJPY fetch failed: <urlopen error timed out>
2026-09-29 16:25:05 USDCHF fetch failed: <urlopen error timed out>
2026-09-29 16:25:05 AUDUSD fetch failed: <urlopen error timed out>
2026-09-29 16:25:05 USDCAD fetch failed: <urlopen error timed out>
2026-09-29 16:25:05 NZDUSD fetch failed: <urlopen error timed out>
2026-09-29 16:25:32 XAUUSD fetch failed: <urlopen error timed out>
2026-09-29 16:25:32 XAGUSD fetch failed: <urlopen error timed out>
2026-09-29 16:25:32 EURUSD fetch failed: <urlopen error timed out>
2026-09-29 16:25:32 GBPUSD fetch failed: <urlopen error timed out>
2026-09-29 16:25:32 USDJPY fetch failed: <urlopen error timed out>
2026-09-29 16:25:32 USDCHF fetch failed: <urlopen error timed out>
2026-09-29 16:25:32 AUDUSD fetch failed: <urlopen error timed out>
2026-09-29 16:25:32 USDCAD fetch failed: <urlopen error timed out>
2026-09-29 16:25:32 NZDUSD fetch failed: <urlopen error timed out>
2026-09-29 16:25:59 XAUUSD fetch failed: <urlopen error timed out>
2026-09-29 16:25:59 XAGUSD fetch failed: <urlopen error timed out>
2026-09-29 16:25:59 EURUSD fetch failed: <urlopen error timed out>
2026-09-29 16:25:59 GBPUSD fetch failed: <urlopen error timed out>
2026-09-29 16:25:59 USDJPY fetch failed: <urlopen error timed out>
2026-09-29 16:25:59 USDCHF fetch failed: <urlopen error timed out>
2026-09-29 16:25:59 AUDUSD fetch failed: <urlopen error timed out>
2026-09-29 16:25:59 USDCAD fetch failed: <urlopen error timed out>
2026-09-29 16:25:59 NZDUSD fetch failed: <urlopen error timed out>
2026-09-29 16:26:26 XAUUSD fetch failed: <urlopen error timed out>
2026-09-29 16:26:26 XAGUSD fetch failed: <urlopen error timed out>
2026-09-29 16:26:26 EURUSD fetch failed: <urlopen error timed out>
2026-09-29 16:26:26 GBPUSD fetch failed: <urlopen error timed out>
2026-09-29 16:26:26 USDJPY fetch failed: <urlopen error timed out>
2026-09-29 16:26:26 USDCHF fetch failed: <urlopen error timed out>
2026-09-29 16:26:26 AUDUSD fetch failed: <urlopen error timed out>
2026-09-29 16:26:26 USDCAD fetch failed: <urlopen error timed out>
2026-09-29 16:26:26 NZDUSD fetch failed: <urlopen error timed out>
2026-09-29 16:26:53 XAUUSD fetch failed: <urlopen error timed out>
2026-09-29 16:26:53 XAGUSD fetch failed: <urlopen error timed out>
2026-09-29 16:26:53 EURUSD fetch failed: <urlopen error timed out>
2026-09-29 16:26:53 GBPUSD fetch failed: <urlopen error timed out>
2026-09-29 16:26:53 USDJPY fetch failed: <urlopen error timed out>
2026-09-29 16:26:53 USDCHF fetch failed: <urlopen error timed out>
2026-09-29 16:26:53 AUDUSD fetch failed: <urlopen error timed out>
2026-09-29 16:26:53 USDCAD fetch failed: <urlopen error timed out>
2026-09-29 16:26:53 NZDUSD fetch failed: <urlopen error timed out>
2026-09-29 16:36:57 XAUUSD fetch failed: <urlopen error timed out>
2026-09-29 16:36:57 XAGUSD fetch failed: <urlopen error timed out>
2026-09-29 16:36:57 EURUSD fetch failed: <urlopen error timed out>
2026-09-29 16:36:57 GBPUSD fetch failed: <urlopen error timed out>
2026-09-29 16:36:57 USDJPY fetch failed: <urlopen error timed out>
2026-09-29 16:36:57 USDCHF fetch failed: <urlopen error timed out>
2026-09-29 16:36:57 AUDUSD fetch failed: <urlopen error timed out>
2026-09-29 16:36:57 USDCAD fetch failed: <urlopen error timed out>
2026-09-29 16:36:57 NZDUSD fetch failed: <urlopen error timed out>
2026-09-29 16:38:15 XAUUSD fetch failed: <urlopen error timed out>
2026-09-29 16:38:15 XAGUSD fetch failed: <urlopen error timed out>
2026-09-29 16:38:15 EURUSD fetch failed: <urlopen error timed out>
2026-09-29 16:38:15 GBPUSD fetch failed: <urlopen error timed out>
2026-09-29 16:38:15 USDJPY fetch failed: <urlopen error timed out>
2026-09-29 16:38:15 USDCHF fetch failed: <urlopen error timed out>
2026-09-29 16:38:15 AUDUSD fetch failed: <urlopen error timed out>
2026-09-29 16:38:15 USDCAD fetch failed: <urlopen error timed out>
2026-09-29 16:38:15 NZDUSD fetch failed: <urlopen error timed out>
2026-09-29 16:38:51 XAUUSD fetch failed: The read operation timed out
2026-09-29 16:38:51 XAGUSD fetch failed: The read operation timed out
2026-09-29 16:38:51 EURUSD fetch failed: The read operation timed out
2026-09-29 16:38:51 GBPUSD fetch failed: The read operation timed out
2026-09-29 16:38:51 USDJPY fetch failed: The read operation timed out
2026-09-29 16:38:51 USDCHF fetch failed: The read operation timed out
2026-09-29 16:38:51 AUDUSD fetch failed: The read operation timed out
2026-09-29 16:38:51 USDCAD fetch failed: The read operation timed out
2026-09-29 16:38:51 NZDUSD fetch failed: The read operation timed out
2026-09-29 16:43:09 XAUUSD fetch failed: <urlopen error timed out>
2026-09-29 16:43:09 XAGUSD fetch failed: <urlopen error timed out>
2026-09-29 16:43:09 EURUSD fetch failed: <urlopen error timed out>
2026-09-29 16:43:09 GBPUSD fetch failed: <urlopen error timed out>
2026-09-29 16:43:09 USDJPY fetch failed: <urlopen error timed out>
2026-09-29 16:43:09 USDCHF fetch failed: <urlopen error timed out>
2026-09-29 16:43:09 AUDUSD fetch failed: <urlopen error timed out>
2026-09-29 16:43:09 USDCAD fetch failed: <urlopen error timed out>
2026-09-29 16:43:09 NZDUSD fetch failed: <urlopen error timed out>
2026-09-29 16:44:59 XAUUSD fetch failed: <urlopen error timed out>
2026-09-29 16:44:59 XAGUSD fetch failed: <urlopen error timed out>
2026-09-29 16:44:59 EURUSD fetch failed: <urlopen error timed out>
2026-09-29 16:44:59 GBPUSD fetch failed: <urlopen error timed out>
2026-09-29 16:44:59 USDJPY fetch failed: <urlopen error timed out>
2026-09-29 16:44:59 USDCHF fetch failed: <urlopen error timed out>
2026-09-29 16:44:59 AUDUSD fetch failed: <urlopen error timed out>
2026-09-29 16:44:59 USDCAD fetch failed: <urlopen error timed out>
2026-09-29 16:44:59 NZDUSD fetch failed: <urlopen error timed out>
2026-09-29 16:50:11 XAUUSD fetch failed: <urlopen error timed out>
2026-09-29 16:50:11 XAGUSD fetch failed: <urlopen error timed out>
2026-09-29 16:50:11 EURUSD fetch failed: <urlopen error timed out>
2026-09-29 16:50:11 GBPUSD fetch failed: <urlopen error timed out>
2026-09-29 16:50:11 USDJPY fetch failed: <urlopen error timed out>
2026-09-29 16:50:11 USDCHF fetch failed: <urlopen error timed out>
2026-09-29 16:50:11 AUDUSD fetch failed: <urlopen error timed out>
2026-09-29 16:50:11 USDCAD fetch failed: <urlopen error timed out>
2026-09-29 16:50:11 NZDUSD fetch failed: <urlopen error timed out>
2026-09-29 17:01:57 XAUUSD fetch failed: The read operation timed out
2026-09-29 17:16:35 NZDUSD fetch failed: The read operation timed out
2026-09-29 17:40:00 EURUSD fetch failed: Remote end closed connection without response
2026-09-29 17:48:19 USDCAD fetch failed: Remote end closed connection without response
2026-09-29 18:05:15 GBPUSD fetch failed: Remote end closed connection without response
2026-09-29 18:31:42 XAUUSD fetch failed: <urlopen error Remote end closed connection without response>
2026-09-29 18:31:42 XAGUSD fetch failed: <urlopen error Remote end closed connection without response>
2026-09-29 18:31:42 EURUSD fetch failed: <urlopen error Remote end closed connection without response>
2026-09-29 18:31:42 GBPUSD fetch failed: <urlopen error [Errno 104] Connection reset by peer>
2026-09-29 18:31:42 USDJPY fetch failed: <urlopen error Remote end closed connection without response>
2026-09-29 18:31:42 USDCHF fetch failed: <urlopen error Remote end closed connection without response>
2026-09-29 18:31:42 AUDUSD fetch failed: <urlopen error Remote end closed connection without response>
2026-09-29 18:31:42 USDCAD fetch failed: <urlopen error Remote end closed connection without response>
2026-09-29 18:31:42 NZDUSD fetch failed: <urlopen error Remote end closed connection without response>
2026-09-29 19:00:59 AUDUSD fetch failed: Remote end closed connection without response
2026-09-29 19:16:39 USDCHF fetch failed: Remote end closed connection without response
2026-09-29 19:18:08 NZDUSD fetch failed: Remote end closed connection without response
2026-09-29 20:35:14 XAGUSD fetch failed: Remote end closed connection without response
2026-09-29 20:57:12 XAUUSD stale quote (128s old), skipped
2026-09-29 20:57:12 XAGUSD stale quote (128s old), skipped
2026-09-29 20:57:12 EURUSD stale quote (128s old), skipped
2026-09-29 20:57:12 GBPUSD stale quote (128s old), skipped
2026-09-29 20:57:12 USDJPY stale quote (128s old), skipped
2026-09-29 20:57:12 USDCHF stale quote (128s old), skipped
2026-09-29 20:57:12 AUDUSD stale quote (128s old), skipped
2026-09-29 20:57:12 USDCAD stale quote (128s old), skipped
2026-09-29 20:57:12 NZDUSD stale quote (128s old), skipped
2026-09-29 20:57:22 XAUUSD stale quote (139s old), skipped
2026-09-29 20:57:22 XAGUSD stale quote (139s old), skipped
2026-09-29 20:57:22 EURUSD stale quote (139s old), skipped
2026-09-29 20:57:22 GBPUSD stale quote (139s old), skipped
2026-09-29 20:57:22 USDJPY stale quote (139s old), skipped
2026-09-29 20:57:22 USDCHF stale quote (139s old), skipped
2026-09-29 20:57:22 AUDUSD stale quote (139s old), skipped
2026-09-29 20:57:22 USDCAD stale quote (139s old), skipped
2026-09-29 20:57:22 NZDUSD stale quote (139s old), skipped
2026-09-29 20:57:41 XAUUSD stale quote (158s old), skipped
2026-09-29 20:57:41 XAGUSD stale quote (158s old), skipped
2026-09-29 20:57:41 EURUSD stale quote (157s old), skipped
2026-09-29 20:57:41 GBPUSD stale quote (157s old), skipped
2026-09-29 20:57:41 USDJPY stale quote (157s old), skipped
2026-09-29 20:57:41 USDCHF stale quote (157s old), skipped
2026-09-29 20:57:41 AUDUSD stale quote (157s old), skipped
2026-09-29 20:57:41 USDCAD stale quote (157s old), skipped
2026-09-29 20:57:41 NZDUSD stale quote (157s old), skipped
2026-09-29 20:57:52 XAUUSD stale quote (168s old), skipped
2026-09-29 20:57:52 XAGUSD stale quote (168s old), skipped
2026-09-29 20:57:52 EURUSD stale quote (168s old), skipped
2026-09-29 20:57:52 GBPUSD stale quote (168s old), skipped
2026-09-29 20:57:52 USDJPY stale quote (168s old), skipped
2026-09-29 20:57:52 USDCHF stale quote (168s old), skipped
2026-09-29 20:57:52 AUDUSD stale quote (168s old), skipped
2026-09-29 20:57:52 USDCAD stale quote (168s old), skipped
2026-09-29 20:57:52 NZDUSD stale quote (168s old), skipped
2026-09-29 20:58:02 XAUUSD stale quote (178s old), skipped
2026-09-29 20:58:02 XAGUSD stale quote (178s old), skipped
2026-09-29 20:58:02 EURUSD stale quote (178s old), skipped
2026-09-29 20:58:02 GBPUSD stale quote (178s old), skipped
2026-09-29 20:58:02 USDJPY stale quote (178s old), skipped
2026-09-29 20:58:02 USDCHF stale quote (178s old), skipped
2026-09-29 20:58:02 AUDUSD stale quote (178s old), skipped
2026-09-29 20:58:02 USDCAD stale quote (178s old), skipped
2026-09-29 20:58:02 NZDUSD stale quote (178s old), skipped
2026-09-29 20:58:12 XAUUSD stale quote (188s old), skipped
2026-09-29 20:58:12 XAGUSD stale quote (188s old), skipped
2026-09-29 20:58:12 EURUSD stale quote (188s old), skipped
2026-09-29 20:58:12 GBPUSD stale quote (188s old), skipped
2026-09-29 20:58:12 USDJPY stale quote (188s old), skipped
2026-09-29 20:58:12 USDCHF stale quote (188s old), skipped
2026-09-29 20:58:12 AUDUSD stale quote (188s old), skipped
2026-09-29 20:58:12 USDCAD stale quote (188s old), skipped
2026-09-29 20:58:12 NZDUSD stale quote (188s old), skipped
2026-09-29 20:58:22 XAUUSD stale quote (199s old), skipped
2026-09-29 20:58:22 XAGUSD stale quote (199s old), skipped
2026-09-29 20:58:22 EURUSD stale quote (199s old), skipped
2026-09-29 20:58:22 GBPUSD stale quote (199s old), skipped
2026-09-29 20:58:22 USDJPY stale quote (199s old), skipped
2026-09-29 20:58:22 USDCHF stale quote (199s old), skipped
2026-09-29 20:58:22 AUDUSD stale quote (199s old), skipped
2026-09-29 20:58:22 USDCAD stale quote (199s old), skipped
2026-09-29 20:58:22 NZDUSD stale quote (199s old), skipped
2026-09-29 20:58:33 XAUUSD stale quote (209s old), skipped
2026-09-29 20:58:33 XAGUSD stale quote (209s old), skipped
2026-09-29 20:58:33 EURUSD stale quote (209s old), skipped
2026-09-29 20:58:33 GBPUSD stale quote (209s old), skipped
2026-09-29 20:58:33 USDJPY stale quote (209s old), skipped
2026-09-29 20:58:33 USDCHF stale quote (209s old), skipped
2026-09-29 20:58:33 AUDUSD stale quote (209s old), skipped
2026-09-29 20:58:33 USDCAD stale quote (209s old), skipped
2026-09-29 20:58:33 NZDUSD stale quote (209s old), skipped
2026-09-29 20:59:50 XAUUSD stale quote (286s old), skipped
2026-09-29 20:59:50 XAGUSD stale quote (286s old), skipped
2026-09-29 20:59:50 EURUSD stale quote (286s old), skipped
2026-09-29 20:59:50 GBPUSD stale quote (286s old), skipped
2026-09-29 20:59:50 USDJPY stale quote (286s old), skipped
2026-09-29 20:59:50 USDCHF stale quote (286s old), skipped
2026-09-29 20:59:50 AUDUSD stale quote (286s old), skipped
2026-09-29 20:59:50 USDCAD stale quote (286s old), skipped
2026-09-29 20:59:50 NZDUSD stale quote (286s old), skipped
2026-09-29 21:00:00 NZDUSD stale quote (297s old), skipped
2026-09-29 21:00:11 NZDUSD stale quote (307s old), skipped
2026-09-29 21:00:21 NZDUSD stale quote (318s old), skipped
2026-09-29 21:00:32 NZDUSD stale quote (328s old), skipped
2026-09-29 21:00:43 NZDUSD stale quote (339s old), skipped
2026-09-29 21:01:59 NZDUSD stale quote (415s old), skipped
2026-09-29 21:02:10 XAUUSD stale quote (126s old), skipped
2026-09-29 21:02:10 XAGUSD stale quote (126s old), skipped
2026-09-29 21:02:10 EURUSD stale quote (126s old), skipped
2026-09-29 21:02:10 GBPUSD stale quote (126s old), skipped
2026-09-29 21:02:10 USDJPY stale quote (126s old), skipped
2026-09-29 21:02:10 USDCHF stale quote (126s old), skipped
2026-09-29 21:02:10 AUDUSD stale quote (126s old), skipped
2026-09-29 21:02:10 USDCAD stale quote (126s old), skipped
2026-09-29 21:02:10 NZDUSD stale quote (426s old), skipped
2026-09-29 21:02:21 XAUUSD stale quote (137s old), skipped
2026-09-29 21:02:21 XAGUSD stale quote (137s old), skipped
2026-09-29 21:02:21 EURUSD stale quote (137s old), skipped
2026-09-29 21:02:21 GBPUSD stale quote (137s old), skipped
2026-09-29 21:02:21 USDJPY stale quote (137s old), skipped
2026-09-29 21:02:21 USDCHF stale quote (137s old), skipped
2026-09-29 21:02:21 AUDUSD stale quote (137s old), skipped
2026-09-29 21:02:21 USDCAD stale quote (137s old), skipped
2026-09-29 21:02:21 NZDUSD stale quote (437s old), skipped
2026-09-29 21:02:32 XAUUSD stale quote (148s old), skipped
2026-09-29 21:02:32 XAGUSD stale quote (148s old), skipped
2026-09-29 21:02:32 EURUSD stale quote (148s old), skipped
2026-09-29 21:02:32 GBPUSD stale quote (148s old), skipped
2026-09-29 21:02:32 USDJPY stale quote (148s old), skipped
2026-09-29 21:02:32 USDCHF stale quote (148s old), skipped
2026-09-29 21:02:32 AUDUSD stale quote (148s old), skipped
2026-09-29 21:02:32 USDCAD stale quote (148s old), skipped
2026-09-29 21:02:32 NZDUSD stale quote (448s old), skipped
2026-09-29 21:02:42 XAUUSD stale quote (159s old), skipped
2026-09-29 21:02:42 XAGUSD stale quote (159s old), skipped
2026-09-29 21:02:42 EURUSD stale quote (159s old), skipped
2026-09-29 21:02:42 GBPUSD stale quote (159s old), skipped
2026-09-29 21:02:42 USDJPY stale quote (159s old), skipped
2026-09-29 21:02:42 USDCHF stale quote (159s old), skipped
2026-09-29 21:02:42 AUDUSD stale quote (159s old), skipped
2026-09-29 21:02:42 USDCAD stale quote (159s old), skipped
2026-09-29 21:02:42 NZDUSD stale quote (459s old), skipped
2026-09-29 21:02:52 XAUUSD stale quote (169s old), skipped
2026-09-29 21:02:52 XAGUSD stale quote (169s old), skipped
2026-09-29 21:02:52 EURUSD stale quote (169s old), skipped
2026-09-29 21:02:52 GBPUSD stale quote (169s old), skipped
2026-09-29 21:02:52 USDJPY stale quote (169s old), skipped
2026-09-29 21:02:52 USDCHF stale quote (169s old), skipped
2026-09-29 21:02:52 AUDUSD stale quote (169s old), skipped
2026-09-29 21:02:52 USDCAD stale quote (169s old), skipped
2026-09-29 21:02:52 NZDUSD stale quote (469s old), skipped
